# Preference setting overrides
gui_create_pref_key -category {Globals} -key {load_detail_for_funcov} -value_type {bool} -value {false}
gui_create_pref_category -category {schem_obj_name}
gui_create_pref_key -category {schem_obj_name} -key {show_cell_and_pin_with_symbol_name} -value_type {bool} -value {false}
gui_create_pref_key -category {schem_pin_hc} -key {textExtFont} -value_type {string} -value {Helvetica,10,-1,5,50,0,0,0,0,0}

# State setting overrides
gui_state_default_create -off -ini
gui_set_state_value -category Globals -key recent_databases -value {{gui_open_db -file /home/ecelrc/students/aak3265/MICROARCH/project/hvl/top/pipeline_top_tb/sim/pipeline_top_auto_tb.dump.vpd -design V1} {gui_open_db -file /home/ecelrc/students/aak3265/MICROARCH/project/hvl/top/pipeline_top_tb/sim/pipeline_top_tb.dump.vpd -design V2} {gui_open_db -file /home/ecelrc/students/aak3265/MICROARCH/project/hvl/top/pipeline_top_tb/sim/pipeline_top_tb.dump.vpd -design V1} {gui_open_db -file /home/ecelrc/students/aak3265/MICROARCH/project/hvl/stages/fetch/fetch_decode_top_tb/sim/fetch_decode_top_tb.dump.vpd -design V1} {gui_open_db -file fetch_decode_top_tb.dump.vpd -design V1}}
gui_set_state_value -category Globals -key recent_sessions -value {{gui_load_session -ignore_errors -file /home/ecelrc/students/aak3265/MICROARCH/project/hvl/top/pipeline_top_tb/session.pipeline_top_auto_tb.dump.vpd.tcl} {gui_load_session -ignore_errors -file /home/ecelrc/students/aak3265/MICROARCH/project/hvl/top/pipeline_top_tb/sim/session.pipeline_top_tb.dump.vpd.tcl} {gui_load_session -ignore_errors -file /home/ecelrc/students/aak3265/MICROARCH/project/hvl/stages/fetch/fetch_decode_top_tb/sim/session.fetch_decode_top_tb.dump.vpd.tcl} {gui_load_session -ignore_errors -file /home/ecelrc/students/aak3265/MICROARCH/project/hvl/stages/fetch/fetch_decode_top_tb/sim/session.fetch_decode_top_tb.dump.vpd.tcl -ignore_errors} {gui_load_session -ignore_errors -file /home/ecelrc/students/aak3265/MICROARCH/project/hvl/stages/fetch/intgr_fshifter_decode_tb/simv/session.intgr_fshifter_decode.vpd.tcl -ignore_errors}}
gui_set_state_value -category Layout -key child_console_size_x -value 271
gui_set_state_value -category Layout -key child_console_size_y -value 179
gui_set_state_value -category Layout -key child_data_coltype -value 145
gui_set_state_value -category Layout -key child_data_colvalue -value 169
gui_set_state_value -category Layout -key child_data_colvariable -value 214
gui_set_state_value -category Layout -key child_data_size_x -value 533
gui_set_state_value -category Layout -key child_data_size_y -value 583
gui_set_state_value -category Layout -key child_driver_size_x -value 1141
gui_set_state_value -category Layout -key child_driver_size_y -value 332
gui_set_state_value -category Layout -key child_hier_col3 -value {-1}
gui_set_state_value -category Layout -key child_hier_colhier -value 289
gui_set_state_value -category Layout -key child_hier_colpd -value 0
gui_set_state_value -category Layout -key child_hier_coltype -value 54
gui_set_state_value -category Layout -key child_hier_size_x -value 345
gui_set_state_value -category Layout -key child_hier_size_y -value 583
gui_set_state_value -category Layout -key child_hier_sort_column -value 1
gui_set_state_value -category Layout -key child_schematic_docknewline -value false
gui_set_state_value -category Layout -key child_schematic_pos_x -value {-2}
gui_set_state_value -category Layout -key child_schematic_pos_y -value {-15}
gui_set_state_value -category Layout -key child_schematic_size_x -value 654
gui_set_state_value -category Layout -key child_schematic_size_y -value 612
gui_set_state_value -category Layout -key child_source_docknewline -value false
gui_set_state_value -category Layout -key child_source_pos_x -value {-2}
gui_set_state_value -category Layout -key child_source_pos_y -value {-15}
gui_set_state_value -category Layout -key child_source_size_x -value 128
gui_set_state_value -category Layout -key child_source_size_y -value 578
gui_set_state_value -category Layout -key child_wave_colname -value 183
gui_set_state_value -category Layout -key child_wave_colvalue -value 183
gui_set_state_value -category Layout -key child_wave_left -value 370
gui_set_state_value -category Layout -key child_wave_right -value 903
gui_set_state_value -category Layout -key main_pos_x -value 226
gui_set_state_value -category Layout -key main_pos_y -value 128
gui_set_state_value -category Layout -key main_size_x -value 1003
gui_set_state_value -category Layout -key main_size_y -value 1013
gui_set_state_value -category Layout -key stand_wave_child_docknewline -value false
gui_set_state_value -category Layout -key stand_wave_child_pos_x -value {-2}
gui_set_state_value -category Layout -key stand_wave_child_pos_y -value {-15}
gui_set_state_value -category Layout -key stand_wave_child_size_x -value 1283
gui_set_state_value -category Layout -key stand_wave_child_size_y -value 543
gui_set_state_value -category Layout -key stand_wave_top_pos_x -value 34
gui_set_state_value -category Layout -key stand_wave_top_pos_y -value 57
gui_set_state_value -category Layout -key stand_wave_top_size_x -value 1312
gui_set_state_value -category Layout -key stand_wave_top_size_y -value 704
gui_set_state_value -category Driver -key driver_add_to_wave -value true
gui_set_state_value -category SaveSession -key single_view_name -value Wave.1
gui_set_state_value -category SaveSession -key toplevel_window_name -value TopLevel.2
gui_create_state_key -category FindDialog -key m_pMatchCase -value_type bool -value false
gui_create_state_key -category FindDialog -key m_pMatchWord -value_type bool -value false
gui_create_state_key -category FindDialog -key m_pUseCombo -value_type string -value {}
gui_create_state_key -category FindDialog -key m_pWrapAround -value_type bool -value true
gui_create_state_key -category Widget_History -key TopLevel.1|qt_left_dock|DockWnd1|HSPane.1|pages|Hier.1|hbox|textfilter -value_type string -value {full* *full full mux2_16}
gui_create_state_key -category Widget_History -key TopLevel.1|qt_left_dock|DockWnd2|DLPane.1|pages|Data.1|hbox|textfilter -value_type string -value {*halt* *to_rr_ *accepted_c *run_cyc}
gui_create_state_key -category Widget_History -key TopLevel.1|qt_left_dock|DockWnd3|HSPane.1|pages|Hier.1|hbox|textfilter -value_type string -value {mux4_16_ICACHE_RD_DATA* full_cc* {}}
gui_create_state_key -category Widget_History -key {dlgSimSetup|m_setupTab|tab pages|BuildTab|m_rebuildBtnGroup|m_customCmdCombo} -value_type string -value {{vcs -full64 -v2005 -debug_all -f ../master*; ./simv} {vcs -debug_all -f master}}
gui_create_state_key -category Widget_History -key {dlgSimSetup|m_setupTab|tab pages|BuildTab|m_rebuildBtnGroup|m_customDirCombo} -value_type string -value {/home/ecelrc/students/aak3265/MICROARCH/project/hvl/stages/fetch/intgr_fshifter_decode_tb/simv/ /home/ecelrc/students/aak3265/Spring2026/pset1b/}
gui_create_state_key -category Widget_History -key {dlgSimSetup|m_setupTab|tab pages|SimTab|m_VPDCombo} -value_type string -value {inter.vpd intgr_fshifter_decode.vpd TOP.dump.vpd}
gui_create_state_key -category Widget_History -key {dlgSimSetup|m_setupTab|tab pages|SimTab|m_argsCombo} -value_type string -value {{-ucligui  } {-ucligui }}
gui_create_state_key -category Widget_History -key {dlgSimSetup|m_setupTab|tab pages|SimTab|m_curDirCombo} -value_type string -value {/home/ecelrc/students/aak3265/MICROARCH/project/hvl/stages/fetch/intgr_fshifter_decode_tb/simv /home/ecelrc/students/aak3265/Spring2026/pset1b /home/ecelrc/students/aak3265/vlsi1/lab3_temp/rtl /home/ecelrc/students/aak3265/vlsi1/lab3}
gui_create_state_key -category Widget_History -key {dlgSimSetup|m_setupTab|tab pages|SimTab|m_exeCombo} -value_type string -value {simv /home/ecelrc/students/aak3265/MICROARCH/project/hvl/stages/fetch/intgr_fshifter_decode_tb/simv/simv /home/ecelrc/students/aak3265/Spring2026/pset1b/simv /home/ecelrc/students/aak3265/vlsi1/lab3_temp/rtl/simv ./simv}
gui_state_default_create -off

# Begin command logging
set DIALOGS::LOADFILEDIR [file dirname /home/ecelrc/students/aak3265/MICROARCH/project/hvl/top/pipeline_top_tb/session.pipeline_top_auto_tb.dump.vpd.tcl]; gui_load_session -ignore_errors -file /home/ecelrc/students/aak3265/MICROARCH/project/hvl/top/pipeline_top_tb/session.pipeline_top_auto_tb.dump.vpd.tcl
gui_wv_zoom_timerange -id  Wave.1 22309.189 24440.317
gui_wv_zoom_timerange -id  Wave.1 22309.189 24440.317
gui_wv_zoom_timerange -id  Wave.1 22309.189 24882.49
gui_marker_move -id  Wave.1 C1 23626.043
gui_marker_move -id  Wave.1 C1 23377.169
gui_scroll -window Wave.1 -hrel .2
gui_scroll -window Wave.1 -hrel .2
gui_marker_move -id  Wave.1 C1 23536.08
gui_list_select -id Wave.1 -selected  { {pipeline_top_auto_tb.FRONTEND_TOP.FETCHBUFF_DECODESTAGE_DEPR.STAGE_DECODE.DECODER.EIP_INCR_AMT.disp_plus_sib[2:0]}   }
gui_list_select -id Wave.1 -selected  { {pipeline_top_auto_tb.FRONTEND_TOP.FETCHBUFF_DECODESTAGE_DEPR.STAGE_DECODE.DECODER.EIP_INCR_AMT.rom_sum[2:0]}   }
gui_list_select -id Wave.1 -selected  { {pipeline_top_auto_tb.dut.to_wb_ieip[31:0]}   }
gui_list_select -id Wave.1 -selected  { {pipeline_top_auto_tb.to_rr_ieip[31:0]}   }
gui_marker_move -id  Wave.1 C1 23640.54
gui_marker_move -id  Wave.1 C1 23392.08
gui_scroll -window Wave.1 -hrel .2
gui_scroll -window Wave.1 -hrel .2
gui_marker_move -id  Wave.1 C1 24080.32
gui_marker_move -id  Wave.1 C1 23070.306
gui_marker_move -id  Wave.1 C1 23862.835
gui_marker_move -id  Wave.1 C1 23790.347
gui_list_select -id Wave.1 -selected  { {pipeline_top_auto_tb.ICACHE_HIT_DATA[127:0]}   }
gui_marker_move -id  Wave.1 C1 23618.794
gui_scroll -window Wave.1 -hrel -.2
gui_scroll -window Wave.1 -hrel -.2
gui_scroll -window Wave.1 -hrel -.2
gui_scroll -window Wave.1 -hrel -.2
gui_scroll -window Wave.1 -hrel -.2
gui_scroll -window Wave.1 -hrel -.2
gui_scroll -window Wave.1 -hrel -.2
gui_scroll -window Wave.1 -hrel -.2
gui_scroll -window Wave.1 -hrel -.2
gui_scroll -window Wave.1 -hrel -.2
gui_scroll -window Wave.1 -hrel -.2
gui_scroll -window Wave.1 -hrel -.2
gui_scroll -window Wave.1 -hrel -.2
gui_scroll -window Wave.1 -hrel -.2
gui_scroll -window Wave.1 -hrel -.2
gui_scroll -window Wave.1 -hrel -.2
gui_scroll -window Wave.1 -hrel -.2
gui_scroll -window Wave.1 -hrel -.2
gui_marker_move -id  Wave.1 C1 21833.189
gui_marker_move -id  Wave.1 C1 21988.08
gui_marker_move -id  Wave.1 C1 21898.428
gui_scroll -window Wave.1 -hrel -.2
gui_scroll -window Wave.1 -hrel -.2
gui_scroll -window Wave.1 -hrel -.2
gui_scroll -window Wave.1 -hrel -.2
gui_scroll -window Wave.1 -hrel -.2
gui_scroll -window Wave.1 -hrel -.2
gui_scroll -window Wave.1 -hrel -.2
gui_marker_move -id  Wave.1 C1 21792.113
gui_marker_move -id  Wave.1 C1 21854.935
gui_scroll -window Wave.1 -hrel .2
gui_scroll -window Wave.1 -hrel .2
gui_scroll -window Wave.1 -hrel .2
gui_scroll -window Wave.1 -hrel .2
gui_scroll -window Wave.1 -hrel .2
gui_scroll -window Wave.1 -hrel .2
gui_scroll -window Wave.1 -hrel .2
gui_scroll -window Wave.1 -hrel .2
gui_scroll -window Wave.1 -hrel .2
gui_scroll -window Wave.1 -hrel .2
gui_scroll -window Wave.1 -hrel .2
gui_scroll -window Wave.1 -hrel .2
gui_scroll -window Wave.1 -hrel .2
gui_list_select -id Wave.1 -selected  { pipeline_top_auto_tb.ICACHE_VALID   }
gui_marker_move -id  Wave.1 C1 21989.33
gui_scroll -window Wave.1 -hrel .2
gui_scroll -window Wave.1 -hrel .2
gui_scroll -window Wave.1 -hrel .2
gui_scroll -window Wave.1 -hrel .2
gui_marker_move -id  Wave.1 C1 21968.32
