/usr/local/packages/synopsys_2022/syn/T-2022.03-SP2/auxx/gui/dv/dv_setup.tcl
/usr/local/packages/synopsys_2022/syn/T-2022.03-SP2/auxx/gui/syn/snpsSynProcs.tcl
/usr/local/packages/synopsys_2022/syn/T-2022.03-SP2/auxx/gui/syn/layout/pkgIndex.tcl
/usr/local/packages/synopsys_2022/syn/T-2022.03-SP2/auxx/gui/common/3dic/pkgIndex.tcl
/usr/local/packages/synopsys_2022/syn/T-2022.03-SP2/auxx/gui/common/3dlayout/pkgIndex.tcl
/usr/local/packages/synopsys_2022/syn/T-2022.03-SP2/auxx/gui/common/3dmodel/pkgIndex.tcl
/usr/local/packages/synopsys_2022/syn/T-2022.03-SP2/auxx/gui/common/WindowFrameWork/pkgIndex.tcl
/usr/local/packages/synopsys_2022/syn/T-2022.03-SP2/auxx/gui/common/acg/pkgIndex.tcl
/usr/local/packages/synopsys_2022/syn/T-2022.03-SP2/auxx/gui/common/commandform/pkgIndex.tcl
/usr/local/packages/synopsys_2022/syn/T-2022.03-SP2/auxx/gui/common/dialogs/pkgIndex.tcl
/usr/local/packages/synopsys_2022/syn/T-2022.03-SP2/auxx/gui/common/docBrowser/pkgIndex.tcl
/usr/local/packages/synopsys_2022/syn/T-2022.03-SP2/auxx/gui/common/hierAttrView/pkgIndex.tcl
/usr/local/packages/synopsys_2022/syn/T-2022.03-SP2/auxx/gui/common/hierarchy/pkgIndex.tcl
/usr/local/packages/synopsys_2022/syn/T-2022.03-SP2/auxx/gui/common/highlight/pkgIndex.tcl
/usr/local/packages/synopsys_2022/syn/T-2022.03-SP2/auxx/gui/common/histogram/pkgIndex.tcl
/usr/local/packages/synopsys_2022/syn/T-2022.03-SP2/auxx/gui/common/layout/pkgIndex.tcl
/usr/local/packages/synopsys_2022/syn/T-2022.03-SP2/auxx/gui/common/libviewer/pkgIndex.tcl
/usr/local/packages/synopsys_2022/syn/T-2022.03-SP2/auxx/gui/common/menus/pkgIndex.tcl
/usr/local/packages/synopsys_2022/syn/T-2022.03-SP2/auxx/gui/common/misc/pkgIndex.tcl
/usr/local/packages/synopsys_2022/syn/T-2022.03-SP2/auxx/gui/common/mrupalette/pkgIndex.tcl
/usr/local/packages/synopsys_2022/syn/T-2022.03-SP2/auxx/gui/common/opdlg/pkgIndex.tcl
/usr/local/packages/synopsys_2022/syn/T-2022.03-SP2/auxx/gui/common/palettegroup/pkgIndex.tcl
/usr/local/packages/synopsys_2022/syn/T-2022.03-SP2/auxx/gui/common/propertyEditor/pkgIndex.tcl
/usr/local/packages/synopsys_2022/syn/T-2022.03-SP2/auxx/gui/common/qtcl/pkgIndex.tcl
/usr/local/packages/synopsys_2022/syn/T-2022.03-SP2/auxx/gui/common/regressionToolkit/pkgIndex.tcl
/usr/local/packages/synopsys_2022/syn/T-2022.03-SP2/auxx/gui/common/rtlxref/pkgIndex.tcl
/usr/local/packages/synopsys_2022/syn/T-2022.03-SP2/auxx/gui/common/schematic/pkgIndex.tcl
/usr/local/packages/synopsys_2022/syn/T-2022.03-SP2/auxx/gui/common/select/pkgIndex.tcl
/usr/local/packages/synopsys_2022/syn/T-2022.03-SP2/auxx/gui/common/setup/pkgIndex.tcl
/usr/local/packages/synopsys_2022/syn/T-2022.03-SP2/auxx/gui/common/strokes/pkgIndex.tcl
/usr/local/packages/synopsys_2022/syn/T-2022.03-SP2/auxx/gui/common/table/pkgIndex.tcl
/usr/local/packages/synopsys_2022/syn/T-2022.03-SP2/auxx/gui/common/taskassistant/pkgIndex.tcl
/usr/local/packages/synopsys_2022/syn/T-2022.03-SP2/auxx/gui/common/tcl-dp/pkgIndex.tcl
/usr/local/packages/synopsys_2022/syn/T-2022.03-SP2/auxx/gui/common/tiledview/pkgIndex.tcl
/usr/local/packages/synopsys_2022/syn/T-2022.03-SP2/auxx/gui/common/timing/pkgIndex.tcl
/usr/local/packages/synopsys_2022/syn/T-2022.03-SP2/auxx/gui/common/tq/pkgIndex.tcl
/usr/local/packages/synopsys_2022/syn/T-2022.03-SP2/auxx/gui/common/utable/pkgIndex.tcl
/usr/local/packages/synopsys_2022/syn/T-2022.03-SP2/auxx/gui/common/view/pkgIndex.tcl
/usr/local/packages/synopsys_2022/syn/T-2022.03-SP2/auxx/gui/dv/pkgIndex.tcl
/usr/local/packages/synopsys_2022/syn/T-2022.03-SP2/auxx/syn/lib/pkgIndex.tcl
/usr/local/packages/synopsys_2022/syn/T-2022.03-SP2/auxx/tcllib/lib/itcl4.2.1/pkgIndex.tcl
/usr/local/packages/synopsys_2022/syn/T-2022.03-SP2/auxx/tcllib/lib/iwidgets4.1/pkgIndex.tcl
/usr/local/packages/synopsys_2022/syn/T-2022.03-SP2/auxx/tcllib/snps_tcl/snpsTclPro/pkgIndex.tcl
/usr/local/packages/synopsys_2022/syn/T-2022.03-SP2/auxx/tcllib/snps_tcl/snpsTest/pkgIndex.tcl
/usr/local/packages/synopsys_2022/syn/T-2022.03-SP2/auxx/tcllib/snps_tcl/snpsUtils/pkgIndex.tcl
/usr/local/packages/synopsys_2022/syn/T-2022.03-SP2/auxx/tcllib/snps_tcl/pkgIndex.tcl
/usr/local/packages/synopsys_2022/syn/T-2022.03-SP2/auxx/tcllib/lib/tcl8.6/dde/pkgIndex.tcl
/usr/local/packages/synopsys_2022/syn/T-2022.03-SP2/auxx/tcllib/lib/tcl8.6/http/pkgIndex.tcl
/usr/local/packages/synopsys_2022/syn/T-2022.03-SP2/auxx/tcllib/lib/tcl8.6/http1.0/pkgIndex.tcl
/usr/local/packages/synopsys_2022/syn/T-2022.03-SP2/auxx/tcllib/lib/tcl8.6/msgcat/pkgIndex.tcl
/usr/local/packages/synopsys_2022/syn/T-2022.03-SP2/auxx/tcllib/lib/tcl8.6/opt/pkgIndex.tcl
/usr/local/packages/synopsys_2022/syn/T-2022.03-SP2/auxx/tcllib/lib/tcl8.6/platform/pkgIndex.tcl
/usr/local/packages/synopsys_2022/syn/T-2022.03-SP2/auxx/tcllib/lib/tcl8.6/reg/pkgIndex.tcl
/usr/local/packages/synopsys_2022/syn/T-2022.03-SP2/auxx/tcllib/lib/tcl8.6/tcltest/pkgIndex.tcl
/usr/local/packages/synopsys_2022/syn/T-2022.03-SP2/auxx/gui/common/setup/snpsCommonSetup.tcl
/usr/local/packages/synopsys_2022/syn/T-2022.03-SP2/auxx/gui/common/setup/snpsCustomize.tcl
/usr/local/packages/synopsys_2022/syn/T-2022.03-SP2/auxx/gui/common/setup/snpsProcheck.tcl
/usr/local/packages/synopsys_2022/syn/T-2022.03-SP2/auxx/gui/common/misc/base.tcl
/usr/local/packages/synopsys_2022/syn/T-2022.03-SP2/auxx/gui/common/misc/timing.tcl
/usr/local/packages/synopsys_2022/syn/T-2022.03-SP2/auxx/gui/common/misc/setting.tcl
/usr/local/packages/synopsys_2022/syn/T-2022.03-SP2/auxx/gui/common/misc/preset.tcl
/usr/local/packages/synopsys_2022/syn/T-2022.03-SP2/auxx/gui/common/WindowFrameWork/windowFrameWork.tcl
/usr/local/packages/synopsys_2022/syn/T-2022.03-SP2/auxx/gui/common/WindowFrameWork/skipBusyCursorCmdList.tcl
/usr/local/packages/synopsys_2022/syn/T-2022.03-SP2/auxx/gui/common/qtcl/.synopsys_qtcl.tcl
/usr/local/packages/synopsys_2022/syn/T-2022.03-SP2/auxx/gui/common/highlight/highlight.tcl
/usr/local/packages/synopsys_2022/syn/T-2022.03-SP2/auxx/gui/common/palettegroup/palettegroup.tcl
/usr/local/packages/synopsys_2022/syn/T-2022.03-SP2/auxx/gui/common/commandform/commandform.tcl
/usr/local/packages/synopsys_2022/syn/T-2022.03-SP2/auxx/gui/common/tiledview/tiledview.tcl
/usr/local/packages/synopsys_2022/syn/T-2022.03-SP2/auxx/gui/common/docBrowser/docBrowser.tcl
/usr/local/packages/synopsys_2022/syn/T-2022.03-SP2/auxx/tcllib/snps_tcl/snpsUtils/snpsUtils.tcl
/usr/local/packages/synopsys_2022/syn/T-2022.03-SP2/auxx/gui/common/dialogs/ObjectChooser.tcl
/usr/local/packages/synopsys_2022/syn/T-2022.03-SP2/auxx/gui/common/misc/DialogObjectChooser.tcl
/usr/local/packages/synopsys_2022/syn/T-2022.03-SP2/auxx/gui/common/dialogs/HistBinInformation.tcl
/usr/local/packages/synopsys_2022/syn/T-2022.03-SP2/auxx/gui/common/dialogs/HistBin1Information.tcl
/usr/local/packages/synopsys_2022/syn/T-2022.03-SP2/auxx/gui/common/dialogs/BinsOnlyInformation.tcl
/usr/local/packages/synopsys_2022/syn/T-2022.03-SP2/auxx/gui/common/dialogs/FileChooser.tcl
/usr/local/packages/synopsys_2022/syn/T-2022.03-SP2/auxx/gui/common/dialogs/PathPinSimpleInfo.tcl
/usr/local/packages/synopsys_2022/syn/T-2022.03-SP2/auxx/gui/common/dialogs/PathsBasicInfo.tcl
/usr/local/packages/synopsys_2022/syn/T-2022.03-SP2/auxx/gui/common/dialogs/PathsBasicSimpleInfo.tcl
/usr/local/packages/synopsys_2022/syn/T-2022.03-SP2/auxx/gui/common/dialogs/SlctOperationInfo.tcl
/usr/local/packages/synopsys_2022/syn/T-2022.03-SP2/auxx/gui/common/dialogs/ObjectListInfo.tcl
/usr/local/packages/synopsys_2022/syn/T-2022.03-SP2/auxx/gui/common/dialogs/FanInOutInfo.tcl
/usr/local/packages/synopsys_2022/syn/T-2022.03-SP2/auxx/gui/common/dialogs/NumberOfLevelsChooser.tcl
/usr/local/packages/synopsys_2022/syn/T-2022.03-SP2/auxx/gui/common/dialogs/WindowReuseInfo.tcl
/usr/local/packages/synopsys_2022/syn/T-2022.03-SP2/auxx/gui/common/dialogs/ReportOutputOptionInfo.tcl
/usr/local/packages/synopsys_2022/syn/T-2022.03-SP2/auxx/gui/common/setup/snpsCollections.tcl
/usr/local/packages/synopsys_2022/syn/T-2022.03-SP2/auxx/gui/common/dialogs/CompileLinkDesign.tcl
/usr/local/packages/synopsys_2022/syn/T-2022.03-SP2/auxx/gui/common/histogram/base.tcl
/usr/local/packages/synopsys_2022/syn/T-2022.03-SP2/auxx/gui/common/histogram/DialogNetCapacitance.tcl
/usr/local/packages/synopsys_2022/syn/T-2022.03-SP2/auxx/gui/common/schematic/DialogPathSchematicFanInOut.tcl
/usr/local/packages/synopsys_2022/syn/T-2022.03-SP2/auxx/gui/common/schematic/DialogPathSchematicAddPaths.tcl
/home/ecelrc/students/var2427//MICROARCH/project/hdl/stages/pipeline_regs/f_to_de/fetch_buffer.v
/home/ecelrc/students/var2427//MICROARCH/project/scripts/fanout/junk.v
/home/ecelrc/students/var2427//MICROARCH/project/hdl/stages/fetch/fetch_pointer.v
/home/ecelrc/students/var2427//MICROARCH/project/hdl/stages/pipeline_regs/f_to_de/logic_cl_shifter.v
/home/ecelrc/students/var2427//MICROARCH/project/hdl/stages/pipeline_regs/f_to_de/logic_tail_ptr.v
/home/ecelrc/students/var2427//MICROARCH/project/hdl/local-lib/shift_reg/shift_reg.v
/home/ecelrc/students/var2427//MICROARCH/project/hdl/local-lib/comparators/big_eq.v
/home/ecelrc/students/var2427//MICROARCH/project/hdl/local-lib/comparators/big_neq.v
/home/ecelrc/students/var2427//MICROARCH/project/hdl/local-lib/gates/big_and.v
/home/ecelrc/students/var2427//MICROARCH/project/hdl/local-lib/regs/reg_n.v
/home/ecelrc/students/var2427//MICROARCH/project/hdl/local-lib/gates/big_or.v
/home/ecelrc/students/var2427//MICROARCH/project/hdl/local-lib/gates/xor3LL.v
/home/ecelrc/students/var2427//MICROARCH/project/hdl/local-lib/shifters/rshf_chunks.v
/home/ecelrc/students/var2427//MICROARCH/project/hdl/local-lib/shifters/lshf_chunks.v
/home/ecelrc/students/var2427//MICROARCH/project/hdl/local-lib/shifters/rshf_bytes_var_128b.v
/home/ecelrc/students/var2427//MICROARCH/project/hdl/local-lib/shifters/lshf_bytes_var_256b.v
/home/ecelrc/students/var2427//MICROARCH/project/hdl/local-lib/adders/gen_prop.v
/home/ecelrc/students/var2427//MICROARCH/project/hdl/local-lib/adders/gen_prop_2.v
/home/ecelrc/students/var2427//MICROARCH/project/hdl/local-lib/adders/PA_4b.v
/home/ecelrc/students/var2427//MICROARCH/project/hdl/local-lib/adders/PA_8b.v
/home/ecelrc/students/var2427//MICROARCH/project/hdl/local-lib/adders/PA_32b.v
/home/ecelrc/students/var2427//MICROARCH/project/hdl/local-lib/adders/big_decrement.v
/home/ecelrc/students/var2427//MICROARCH/project/hdl/local-lib/adders/big_increment.v
/home/ecelrc/students/var2427//MICROARCH/project/hdl/stages/decoder/pf_expn.v
/home/ecelrc/students/var2427//MICROARCH/project/hdl/local-lib/muxes/mux2_32.v
/home/ecelrc/students/var2427//MICROARCH/project/hdl/local-lib/muxes/mux2_64.v
/home/ecelrc/students/var2427//MICROARCH/project/hdl/local-lib/muxes/mux2_128.v
/home/ecelrc/students/var2427//MICROARCH/project/hdl/local-lib/muxes/mux2_256.v
/home/ecelrc/students/var2427//MICROARCH/project/hdl/local-lib/muxes/mux4_32.v
/home/ecelrc/students/var2427//MICROARCH/project/hdl/local-lib/muxes/mux4_48.v
/home/ecelrc/students/var2427//MICROARCH/project/hdl/local-lib/muxes/mux8.v
/home/ecelrc/students/var2427//MICROARCH/project/hdl/local-lib/muxes/mux8_8.v
/home/ecelrc/students/var2427//MICROARCH/project/hdl/local-lib/muxes/mux8_32.v
/home/ecelrc/students/var2427//MICROARCH/project/hdl/local-lib/muxes/mux16.v
/home/ecelrc/students/var2427//MICROARCH/project/hdl/local-lib/muxes/mux16_8b.v
/home/ecelrc/students/var2427//MICROARCH/project/hdl/local-lib/muxes/mux16_16.v
/home/ecelrc/students/var2427//MICROARCH/project/hdl/local-lib/muxes/mux16_16b.v
/home/ecelrc/students/var2427//MICROARCH/project/hdl/local-lib/muxes/mux16_32.v
/home/ecelrc/students/var2427//MICROARCH/project/hdl/local-lib/muxes/mux16_48.v
/home/ecelrc/students/var2427//MICROARCH/project/hdl/local-lib/muxes/mux32_16b.v
/usr/local/packages/synopsys_2022/syn/T-2022.03-SP2/libraries/syn/gtech.db
/usr/local/packages/synopsys_2022/syn/T-2022.03-SP2/libraries/syn/standard.sldb
